pl/rozowi/app/controllers/BaseDashboardController.class
pl/rozowi/app/services/TeamLeaderReportService$FooterEvent.class
pl/rozowi/app/dao/TeamDAO.class
pl/rozowi/app/controllers/ManagerProjectsController$ProjectFormDialog.class
pl/rozowi/app/controllers/AdminDashboardController.class
pl/rozowi/app/models/TeamMember.class
pl/rozowi/app/controllers/AdminTeamsController$UserSelectionModel.class
pl/rozowi/app/util/ThemeManager.class
pl/rozowi/app/controllers/TaskEditController$1.class
pl/rozowi/app/controllers/TaskCreateController.class
pl/rozowi/app/controllers/TeamsController.class
pl/rozowi/app/controllers/UserDashboardController.class
pl/rozowi/app/database/DatabaseManager.class
pl/rozowi/app/models/Task.class
pl/rozowi/app/controllers/AdminRolesController.class
pl/rozowi/app/controllers/TeamLeaderReportsController.class
pl/rozowi/app/controllers/ReportsController$1.class
pl/rozowi/app/controllers/AdminTeamsController.class
pl/rozowi/app/dao/TaskDAO.class
pl/rozowi/app/controllers/LoginController.class
pl/rozowi/app/models/TaskAssignment.class
pl/rozowi/app/controllers/AdminUsersController$1.class
pl/rozowi/app/models/Group.class
pl/rozowi/app/controllers/AdminLogsController.class
pl/rozowi/app/controllers/AdminProjectsController$2.class
pl/rozowi/app/controllers/TeamLeaderDashboardController.class
pl/rozowi/app/models/Team.class
pl/rozowi/app/models/TaskActivity.class
pl/rozowi/app/dao/UserDAO.class
pl/rozowi/app/controllers/FilterDialog.class
pl/rozowi/app/controllers/AdminTasksController$5.class
pl/rozowi/app/controllers/ManagerTasksController$ProjectRow.class
pl/rozowi/app/dao/ReportDAO.class
pl/rozowi/app/controllers/ConfigController.class
pl/rozowi/app/services/RegistrationResult.class
pl/rozowi/app/dao/TaskActivityDAO.class
pl/rozowi/app/controllers/SplashScreenController.class
pl/rozowi/app/controllers/TaskDetailsController.class
pl/rozowi/app/controllers/AdminRolesController$1.class
pl/rozowi/app/services/LoginService.class
module-info.class
pl/rozowi/app/controllers/AdminActivitiesController$ActivityEntry.class
pl/rozowi/app/controllers/AdminActivitiesController$1.class
pl/rozowi/app/controllers/TaskCreateController$2.class
pl/rozowi/app/services/ReportService$FooterEvent.class
pl/rozowi/app/controllers/ManagerProjectsController.class
pl/rozowi/app/controllers/MyTasksController.class
pl/rozowi/app/controllers/ManagerTasksController.class
pl/rozowi/app/controllers/AdminReportsController.class
pl/rozowi/app/controllers/ReportsController.class
pl/rozowi/app/util/TaskEditDialog.class
pl/rozowi/app/controllers/AdminTasksController$4.class
pl/rozowi/app/controllers/TaskEditController$2.class
pl/rozowi/app/controllers/TaskCreateController$3.class
pl/rozowi/app/controllers/AdminUsersController.class
pl/rozowi/app/dao/TeamMemberDAO.class
pl/rozowi/app/controllers/ManagerTeamsController.class
pl/rozowi/app/services/RegisterService.class
pl/rozowi/app/models/Role.class
pl/rozowi/app/controllers/AdminLogsController$LogEntry.class
pl/rozowi/app/controllers/EmployeesController.class
pl/rozowi/app/controllers/ReportsController$2.class
pl/rozowi/app/services/PasswordChangeService.class
pl/rozowi/app/controllers/RegisterController.class
pl/rozowi/app/controllers/AdminActivitiesController.class
pl/rozowi/app/controllers/AdminTasksController$3.class
pl/rozowi/app/controllers/AdminProjectsController$1.class
pl/rozowi/app/controllers/AdminTasksController.class
pl/rozowi/app/controllers/MyTasksController$1.class
pl/rozowi/app/controllers/ManagerTeamsController$3.class
pl/rozowi/app/dao/ProjectDAO.class
pl/rozowi/app/controllers/UserAwareController.class
pl/rozowi/app/controllers/AdminTasksController$6.class
pl/rozowi/app/dao/RoleDAO.class
pl/rozowi/app/util/DefaultViewManager.class
pl/rozowi/app/models/Report.class
pl/rozowi/app/controllers/TeamLeaderReportsController$1.class
pl/rozowi/app/controllers/AdminTeamsController$1.class
pl/rozowi/app/controllers/AdminProjectsController.class
pl/rozowi/app/controllers/TasksController.class
pl/rozowi/app/util/Session.class
pl/rozowi/app/controllers/TaskCreateController$1.class
pl/rozowi/app/MainApplication.class
pl/rozowi/app/controllers/TaskEditController.class
pl/rozowi/app/controllers/AdminLogsController$1.class
pl/rozowi/app/models/User.class
pl/rozowi/app/controllers/ManagerDashboardController.class
pl/rozowi/app/controllers/TaskDetailsController$2.class
pl/rozowi/app/controllers/TeamLeaderReportsController$2.class
pl/rozowi/app/controllers/ManagerTeamsController$2.class
pl/rozowi/app/controllers/AdminTeamsController$UserWithRole.class
pl/rozowi/app/models/Settings.class
pl/rozowi/app/controllers/AdminSystemController.class
pl/rozowi/app/services/ReportService.class
pl/rozowi/app/controllers/AdminTeamsController$2.class
pl/rozowi/app/controllers/AdminTasksController$2.class
pl/rozowi/app/services/TeamLeaderReportService.class
pl/rozowi/app/controllers/AdminUsersController$UserTeamPair.class
pl/rozowi/app/controllers/TeamLeaderTasksController.class
pl/rozowi/app/controllers/ManagerTeamsController$TeamWithOrdinal.class
pl/rozowi/app/dao/TaskAssignmentDAO.class
pl/rozowi/app/controllers/ManagerTeamsController$UserWithOrdinal.class
pl/rozowi/app/services/ActivityService.class
pl/rozowi/app/controllers/TeamLeaderReportsController$3.class
pl/rozowi/app/controllers/AdminTeamsController$3.class
pl/rozowi/app/controllers/AdminTasksController$1.class
pl/rozowi/app/controllers/SettingsController.class
pl/rozowi/app/models/EnhancedTaskActivity.class
pl/rozowi/app/controllers/ManagerTeamsController$1.class
pl/rozowi/app/dao/SettingsDAO.class
pl/rozowi/app/controllers/ReportsController$1$1.class
pl/rozowi/app/models/Project.class
pl/rozowi/app/controllers/TeamsControllerOUT.class
pl/rozowi/app/controllers/TaskDetailsController$1.class
