/Users/dawio/Desktop/INF_ROZOWI/App/src/main/java/module-info.java
/Users/dawio/Desktop/INF_ROZOWI/App/src/main/java/pl/rozowi/app/MainApplication.java
/Users/dawio/Desktop/INF_ROZOWI/App/src/main/java/pl/rozowi/app/controllers/AdminActivitiesController.java
/Users/dawio/Desktop/INF_ROZOWI/App/src/main/java/pl/rozowi/app/controllers/AdminDashboardController.java
/Users/dawio/Desktop/INF_ROZOWI/App/src/main/java/pl/rozowi/app/controllers/AdminLogsController.java
/Users/dawio/Desktop/INF_ROZOWI/App/src/main/java/pl/rozowi/app/controllers/AdminProjectsController.java
/Users/dawio/Desktop/INF_ROZOWI/App/src/main/java/pl/rozowi/app/controllers/AdminReportsController.java
/Users/dawio/Desktop/INF_ROZOWI/App/src/main/java/pl/rozowi/app/controllers/AdminRolesController.java
/Users/dawio/Desktop/INF_ROZOWI/App/src/main/java/pl/rozowi/app/controllers/AdminSystemController.java
/Users/dawio/Desktop/INF_ROZOWI/App/src/main/java/pl/rozowi/app/controllers/AdminTasksController.java
/Users/dawio/Desktop/INF_ROZOWI/App/src/main/java/pl/rozowi/app/controllers/AdminTeamsController.java
/Users/dawio/Desktop/INF_ROZOWI/App/src/main/java/pl/rozowi/app/controllers/AdminUsersController.java
/Users/dawio/Desktop/INF_ROZOWI/App/src/main/java/pl/rozowi/app/controllers/BaseDashboardController.java
/Users/dawio/Desktop/INF_ROZOWI/App/src/main/java/pl/rozowi/app/controllers/ConfigController.java
/Users/dawio/Desktop/INF_ROZOWI/App/src/main/java/pl/rozowi/app/controllers/EmployeesController.java
/Users/dawio/Desktop/INF_ROZOWI/App/src/main/java/pl/rozowi/app/controllers/FilterDialog.java
/Users/dawio/Desktop/INF_ROZOWI/App/src/main/java/pl/rozowi/app/controllers/LoginController.java
/Users/dawio/Desktop/INF_ROZOWI/App/src/main/java/pl/rozowi/app/controllers/ManagerDashboardController.java
/Users/dawio/Desktop/INF_ROZOWI/App/src/main/java/pl/rozowi/app/controllers/ManagerProjectsController.java
/Users/dawio/Desktop/INF_ROZOWI/App/src/main/java/pl/rozowi/app/controllers/ManagerTasksController.java
/Users/dawio/Desktop/INF_ROZOWI/App/src/main/java/pl/rozowi/app/controllers/ManagerTeamsController.java
/Users/dawio/Desktop/INF_ROZOWI/App/src/main/java/pl/rozowi/app/controllers/MyTasksController.java
/Users/dawio/Desktop/INF_ROZOWI/App/src/main/java/pl/rozowi/app/controllers/RegisterController.java
/Users/dawio/Desktop/INF_ROZOWI/App/src/main/java/pl/rozowi/app/controllers/ReportsController.java
/Users/dawio/Desktop/INF_ROZOWI/App/src/main/java/pl/rozowi/app/controllers/SettingsController.java
/Users/dawio/Desktop/INF_ROZOWI/App/src/main/java/pl/rozowi/app/controllers/SplashScreenController.java
/Users/dawio/Desktop/INF_ROZOWI/App/src/main/java/pl/rozowi/app/controllers/TaskCreateController.java
/Users/dawio/Desktop/INF_ROZOWI/App/src/main/java/pl/rozowi/app/controllers/TaskDetailsController.java
/Users/dawio/Desktop/INF_ROZOWI/App/src/main/java/pl/rozowi/app/controllers/TaskEditController.java
/Users/dawio/Desktop/INF_ROZOWI/App/src/main/java/pl/rozowi/app/controllers/TasksController.java
/Users/dawio/Desktop/INF_ROZOWI/App/src/main/java/pl/rozowi/app/controllers/TeamLeaderDashboardController.java
/Users/dawio/Desktop/INF_ROZOWI/App/src/main/java/pl/rozowi/app/controllers/TeamLeaderReportsController.java
/Users/dawio/Desktop/INF_ROZOWI/App/src/main/java/pl/rozowi/app/controllers/TeamLeaderTasksController.java
/Users/dawio/Desktop/INF_ROZOWI/App/src/main/java/pl/rozowi/app/controllers/TeamsController.java
/Users/dawio/Desktop/INF_ROZOWI/App/src/main/java/pl/rozowi/app/controllers/TeamsControllerOUT.java
/Users/dawio/Desktop/INF_ROZOWI/App/src/main/java/pl/rozowi/app/controllers/UserAwareController.java
/Users/dawio/Desktop/INF_ROZOWI/App/src/main/java/pl/rozowi/app/controllers/UserDashboardController.java
/Users/dawio/Desktop/INF_ROZOWI/App/src/main/java/pl/rozowi/app/dao/ProjectDAO.java
/Users/dawio/Desktop/INF_ROZOWI/App/src/main/java/pl/rozowi/app/dao/ReportDAO.java
/Users/dawio/Desktop/INF_ROZOWI/App/src/main/java/pl/rozowi/app/dao/RoleDAO.java
/Users/dawio/Desktop/INF_ROZOWI/App/src/main/java/pl/rozowi/app/dao/SettingsDAO.java
/Users/dawio/Desktop/INF_ROZOWI/App/src/main/java/pl/rozowi/app/dao/TaskActivityDAO.java
/Users/dawio/Desktop/INF_ROZOWI/App/src/main/java/pl/rozowi/app/dao/TaskAssignmentDAO.java
/Users/dawio/Desktop/INF_ROZOWI/App/src/main/java/pl/rozowi/app/dao/TaskDAO.java
/Users/dawio/Desktop/INF_ROZOWI/App/src/main/java/pl/rozowi/app/dao/TeamDAO.java
/Users/dawio/Desktop/INF_ROZOWI/App/src/main/java/pl/rozowi/app/dao/TeamMemberDAO.java
/Users/dawio/Desktop/INF_ROZOWI/App/src/main/java/pl/rozowi/app/dao/UserDAO.java
/Users/dawio/Desktop/INF_ROZOWI/App/src/main/java/pl/rozowi/app/database/DatabaseManager.java
/Users/dawio/Desktop/INF_ROZOWI/App/src/main/java/pl/rozowi/app/models/EnhancedTaskActivity.java
/Users/dawio/Desktop/INF_ROZOWI/App/src/main/java/pl/rozowi/app/models/Group.java
/Users/dawio/Desktop/INF_ROZOWI/App/src/main/java/pl/rozowi/app/models/Project.java
/Users/dawio/Desktop/INF_ROZOWI/App/src/main/java/pl/rozowi/app/models/Report.java
/Users/dawio/Desktop/INF_ROZOWI/App/src/main/java/pl/rozowi/app/models/Role.java
/Users/dawio/Desktop/INF_ROZOWI/App/src/main/java/pl/rozowi/app/models/Settings.java
/Users/dawio/Desktop/INF_ROZOWI/App/src/main/java/pl/rozowi/app/models/Task.java
/Users/dawio/Desktop/INF_ROZOWI/App/src/main/java/pl/rozowi/app/models/TaskActivity.java
/Users/dawio/Desktop/INF_ROZOWI/App/src/main/java/pl/rozowi/app/models/TaskAssignment.java
/Users/dawio/Desktop/INF_ROZOWI/App/src/main/java/pl/rozowi/app/models/Team.java
/Users/dawio/Desktop/INF_ROZOWI/App/src/main/java/pl/rozowi/app/models/TeamMember.java
/Users/dawio/Desktop/INF_ROZOWI/App/src/main/java/pl/rozowi/app/models/User.java
/Users/dawio/Desktop/INF_ROZOWI/App/src/main/java/pl/rozowi/app/services/ActivityService.java
/Users/dawio/Desktop/INF_ROZOWI/App/src/main/java/pl/rozowi/app/services/LoginService.java
/Users/dawio/Desktop/INF_ROZOWI/App/src/main/java/pl/rozowi/app/services/PasswordChangeService.java
/Users/dawio/Desktop/INF_ROZOWI/App/src/main/java/pl/rozowi/app/services/RegisterService.java
/Users/dawio/Desktop/INF_ROZOWI/App/src/main/java/pl/rozowi/app/services/RegistrationResult.java
/Users/dawio/Desktop/INF_ROZOWI/App/src/main/java/pl/rozowi/app/services/ReportService.java
/Users/dawio/Desktop/INF_ROZOWI/App/src/main/java/pl/rozowi/app/services/TeamLeaderReportService.java
/Users/dawio/Desktop/INF_ROZOWI/App/src/main/java/pl/rozowi/app/util/DefaultViewManager.java
/Users/dawio/Desktop/INF_ROZOWI/App/src/main/java/pl/rozowi/app/util/Session.java
/Users/dawio/Desktop/INF_ROZOWI/App/src/main/java/pl/rozowi/app/util/TaskEditDialog.java
/Users/dawio/Desktop/INF_ROZOWI/App/src/main/java/pl/rozowi/app/util/ThemeManager.java
